---
source: tests/pipeline_scenarios.rs
expression: run_normalized(msgs)
---
- role: assistant
  id: msg-1
  content_length: 1
  content:
    - type: text
      text: hello
  status:
    type: complete
    reason: stop
  streaming: ~
- role: user
  id: msg-2
  content_length: 1
  content:
    - type: text
      text: more please
  status: ~
  streaming: ~
- role: assistant
  id: msg-3
  content_length: 1
  content:
    - type: text
      text: world
  status:
    type: complete
    reason: stop
  streaming: ~
